// Jest Snapshot v1, https://goo.gl/fbAQLP

exports[`Pruebas en <CounterApp /> Debe de mostrar \`<CounterApp />\` correctamente (hacer match con un snapshot) y sus valores por defecto 1`] = `
<Fragment>
  <h1>
    CounterApp
  </h1>
  <p>
    100
  </p>
  <button
    onClick={[Function]}
  >
     +1 
  </button>
  <button
    onClick={[Function]}
  >
     Reset
  </button>
  <button
    onClick={[Function]}
  >
     -1 
  </button>
</Fragment>
`;
